{"time":"2026-02-28T01:45:54.053174119Z","level":"INFO","msg":"Registered socket","socket":"unix:@mykitty-62938"}
{"time":"2026-02-28T01:45:54.05375691Z","level":"INFO","msg":"Registered socket","socket":"unix:@mykitty-62938"}
{"time":"2026-02-28T01:45:54.053832844Z","level":"INFO","msg":"Registered socket","socket":"unix:@mykitty-62938"}
{"time":"2026-02-28T01:45:54.055087024Z","level":"INFO","msg":"Registered socket","socket":"unix:@mykitty-62938"}
{"time":"2026-02-28T01:45:55.071716464Z","level":"INFO","msg":"Saving session...","file":"/home/joaocunha50/.config/kitty/kitty-session.conf","windows":1}
{"time":"2026-02-28T01:45:55.518077445Z","level":"INFO","msg":"Registered socket","socket":"unix:@mykitty-62938"}
{"time":"2026-02-28T01:45:56.531953383Z","level":"INFO","msg":"Saving session...","file":"/home/joaocunha50/.config/kitty/kitty-session.conf","windows":1}
{"time":"2026-02-28T01:46:00.129206095Z","level":"INFO","msg":"Registered socket","socket":"unix:@mykitty-62938"}
{"time":"2026-02-28T01:46:00.132873654Z","level":"INFO","msg":"Registered socket","socket":"unix:@mykitty-62938"}
{"time":"2026-02-28T01:46:01.151100769Z","level":"INFO","msg":"Saving session...","file":"/home/joaocunha50/.config/kitty/kitty-session.conf","windows":1}
{"time":"2026-02-28T01:46:02.178277702Z","level":"INFO","msg":"Registered socket","socket":"unix:@mykitty-62938"}
{"time":"2026-02-28T01:46:02.182942165Z","level":"INFO","msg":"Registered socket","socket":"unix:@mykitty-62938"}
{"time":"2026-02-28T01:46:03.19710046Z","level":"INFO","msg":"Saving session...","file":"/home/joaocunha50/.config/kitty/kitty-session.conf","windows":1}
{"time":"2026-02-28T01:46:05.300406551Z","level":"INFO","msg":"Registered socket","socket":"unix:@mykitty-62938"}
{"time":"2026-02-28T01:46:05.305138903Z","level":"INFO","msg":"Registered socket","socket":"unix:@mykitty-62938"}
{"time":"2026-02-28T01:46:06.319992605Z","level":"INFO","msg":"Saving session...","file":"/home/joaocunha50/.config/kitty/kitty-session.conf","windows":1}
{"time":"2026-02-28T01:46:10.508489757Z","level":"INFO","msg":"Registered socket","socket":"unix:@mykitty-62938"}
{"time":"2026-02-28T01:46:10.50852327Z","level":"INFO","msg":"Registered socket","socket":"unix:@mykitty-62938"}
{"time":"2026-02-28T01:46:11.522329061Z","level":"INFO","msg":"Saving session...","file":"/home/joaocunha50/.config/kitty/kitty-session.conf","windows":1}
{"time":"2026-02-28T01:46:13.990731344Z","level":"INFO","msg":"Registered socket","socket":"unix:@mykitty-62938"}
{"time":"2026-02-28T01:46:13.99107833Z","level":"INFO","msg":"Registered socket","socket":"unix:@mykitty-62938"}
{"time":"2026-02-28T01:46:15.005324022Z","level":"INFO","msg":"Saving session...","file":"/home/joaocunha50/.config/kitty/kitty-session.conf","windows":1}
{"time":"2026-02-28T01:46:15.423358273Z","level":"INFO","msg":"Registered socket","socket":"unix:@mykitty-62938"}
{"time":"2026-02-28T01:46:15.42338297Z","level":"INFO","msg":"Registered socket","socket":"unix:@mykitty-62938"}
{"time":"2026-02-28T01:46:16.436954842Z","level":"INFO","msg":"Saving session...","file":"/home/joaocunha50/.config/kitty/kitty-session.conf","windows":1}
{"time":"2026-02-28T01:46:18.594727095Z","level":"INFO","msg":"Registered socket","socket":"unix:@mykitty-62938"}
{"time":"2026-02-28T01:46:18.603301786Z","level":"INFO","msg":"Registered socket","socket":"unix:@mykitty-62938"}
{"time":"2026-02-28T01:46:19.618774359Z","level":"INFO","msg":"Saving session...","file":"/home/joaocunha50/.config/kitty/kitty-session.conf","windows":1}
{"time":"2026-02-28T01:46:25.342813367Z","level":"INFO","msg":"Registered socket","socket":"unix:@mykitty-62938"}
{"time":"2026-02-28T01:46:25.342856368Z","level":"INFO","msg":"Registered socket","socket":"unix:@mykitty-62938"}
{"time":"2026-02-28T01:46:26.356313443Z","level":"INFO","msg":"Saving session...","file":"/home/joaocunha50/.config/kitty/kitty-session.conf","windows":1}
{"time":"2026-02-28T01:46:48.408541062Z","level":"INFO","msg":"Registered socket","socket":"unix:@mykitty-62938"}
{"time":"2026-02-28T01:46:48.415855032Z","level":"INFO","msg":"Registered socket","socket":"unix:@mykitty-62938"}
{"time":"2026-02-28T01:46:48.946345352Z","level":"INFO","msg":"Registered socket","socket":"unix:@mykitty-62938"}
{"time":"2026-02-28T01:46:48.954700128Z","level":"INFO","msg":"Registered socket","socket":"unix:@mykitty-62938"}
{"time":"2026-02-28T01:46:49.968576042Z","level":"INFO","msg":"Saving session...","file":"/home/joaocunha50/.config/kitty/kitty-session.conf","windows":1}
{"time":"2026-02-28T01:46:54.596605429Z","level":"INFO","msg":"Registered socket","socket":"unix:@mykitty-62938"}
{"time":"2026-02-28T01:46:55.610632749Z","level":"INFO","msg":"Saving session...","file":"/home/joaocunha50/.config/kitty/kitty-session.conf","windows":1}
{"time":"2026-02-28T01:46:56.618321232Z","level":"INFO","msg":"Registered socket","socket":"unix:@mykitty-62938"}
{"time":"2026-02-28T01:46:57.632206715Z","level":"INFO","msg":"Saving session...","file":"/home/joaocunha50/.config/kitty/kitty-session.conf","windows":1}
{"time":"2026-02-28T01:47:02.334777798Z","level":"INFO","msg":"Registered socket","socket":"unix:@mykitty-62938"}
{"time":"2026-02-28T01:47:02.344901506Z","level":"INFO","msg":"Registered socket","socket":"unix:@mykitty-62938"}
{"time":"2026-02-28T01:47:03.359000363Z","level":"INFO","msg":"Saving session...","file":"/home/joaocunha50/.config/kitty/kitty-session.conf","windows":1}
{"time":"2026-02-28T01:47:05.370978464Z","level":"INFO","msg":"Registered socket","socket":"unix:@mykitty-62938"}
{"time":"2026-02-28T01:47:06.385330821Z","level":"INFO","msg":"Saving session...","file":"/home/joaocunha50/.config/kitty/kitty-session.conf","windows":1}
{"time":"2026-02-28T01:47:07.239762032Z","level":"INFO","msg":"Registered socket","socket":"unix:@mykitty-62938"}
{"time":"2026-02-28T01:47:08.254180044Z","level":"INFO","msg":"Saving session...","file":"/home/joaocunha50/.config/kitty/kitty-session.conf","windows":1}
{"time":"2026-02-28T01:47:09.287045721Z","level":"INFO","msg":"Registered socket","socket":"unix:@mykitty-62938"}
{"time":"2026-02-28T01:47:09.294967658Z","level":"INFO","msg":"Registered socket","socket":"unix:@mykitty-62938"}
{"time":"2026-02-28T01:47:10.308729471Z","level":"INFO","msg":"Saving session...","file":"/home/joaocunha50/.config/kitty/kitty-session.conf","windows":1}
{"time":"2026-02-28T01:47:11.292814642Z","level":"INFO","msg":"Registered socket","socket":"unix:@mykitty-63900"}
{"time":"2026-02-28T01:47:11.294803119Z","level":"INFO","msg":"Registered socket","socket":"unix:@mykitty-63900"}
{"time":"2026-02-28T01:47:11.295900412Z","level":"INFO","msg":"Registered socket","socket":"unix:@mykitty-63900"}
{"time":"2026-02-28T01:47:12.305939762Z","level":"ERROR","msg":"kitty ls","output":""}
{"time":"2026-02-28T01:47:12.305967555Z","level":"ERROR","msg":"Failed to get state","error":"exit status 1"}
{"time":"2026-02-28T01:47:12.30597587Z","level":"WARN","msg":"Socket unavailable, removing","socket":"unix:@mykitty-62938","error":"exit status 1"}
{"time":"2026-02-28T01:47:12.320901902Z","level":"INFO","msg":"Saving session...","file":"/home/joaocunha50/.config/kitty/kitty-session.conf","windows":1}
{"time":"2026-02-28T01:47:13.436143683Z","level":"INFO","msg":"Registered socket","socket":"unix:@mykitty-63900"}
{"time":"2026-02-28T01:47:14.449996889Z","level":"INFO","msg":"Saving session...","file":"/home/joaocunha50/.config/kitty/kitty-session.conf","windows":1}
{"time":"2026-02-28T01:47:14.940108821Z","level":"INFO","msg":"Registered socket","socket":"unix:@mykitty-63900"}
{"time":"2026-02-28T01:47:14.940137125Z","level":"INFO","msg":"Registered socket","socket":"unix:@mykitty-63900"}
{"time":"2026-02-28T01:47:15.669104945Z","level":"INFO","msg":"Registered socket","socket":"unix:@mykitty-63900"}
{"time":"2026-02-28T01:47:15.66913938Z","level":"INFO","msg":"Registered socket","socket":"unix:@mykitty-63900"}
{"time":"2026-02-28T01:47:16.307098287Z","level":"INFO","msg":"Registered socket","socket":"unix:@mykitty-63900"}
{"time":"2026-02-28T01:47:16.307124036Z","level":"INFO","msg":"Registered socket","socket":"unix:@mykitty-63900"}
{"time":"2026-02-28T01:47:16.475930691Z","level":"INFO","msg":"Registered socket","socket":"unix:@mykitty-63900"}
{"time":"2026-02-28T01:47:16.475963884Z","level":"INFO","msg":"Registered socket","socket":"unix:@mykitty-63900"}
{"time":"2026-02-28T01:47:16.625947715Z","level":"INFO","msg":"Registered socket","socket":"unix:@mykitty-63900"}
{"time":"2026-02-28T01:47:16.62598197Z","level":"INFO","msg":"Registered socket","socket":"unix:@mykitty-63900"}
{"time":"2026-02-28T01:47:16.698838687Z","level":"INFO","msg":"Registered socket","socket":"unix:@mykitty-63900"}
{"time":"2026-02-28T01:47:16.698868263Z","level":"INFO","msg":"Registered socket","socket":"unix:@mykitty-63900"}
{"time":"2026-02-28T01:47:17.713019862Z","level":"INFO","msg":"Saving session...","file":"/home/joaocunha50/.config/kitty/kitty-session.conf","windows":1}
{"time":"2026-02-28T01:47:18.127027744Z","level":"INFO","msg":"Registered socket","socket":"unix:@mykitty-63900"}
{"time":"2026-02-28T01:47:18.133211918Z","level":"INFO","msg":"Registered socket","socket":"unix:@mykitty-63900"}
{"time":"2026-02-28T01:47:19.150167797Z","level":"INFO","msg":"Saving session...","file":"/home/joaocunha50/.config/kitty/kitty-session.conf","windows":1}
{"time":"2026-02-28T01:47:21.9312304Z","level":"INFO","msg":"Registered socket","socket":"unix:@mykitty-63900"}
{"time":"2026-02-28T01:47:22.945431796Z","level":"INFO","msg":"Saving session...","file":"/home/joaocunha50/.config/kitty/kitty-session.conf","windows":1}
{"time":"2026-02-28T01:47:40.342826739Z","level":"INFO","msg":"Registered socket","socket":"unix:@mykitty-63900"}
{"time":"2026-02-28T01:47:41.356819805Z","level":"INFO","msg":"Saving session...","file":"/home/joaocunha50/.config/kitty/kitty-session.conf","windows":1}
{"time":"2026-02-28T01:48:43.78832869Z","level":"INFO","msg":"Registered socket","socket":"unix:@mykitty-63900"}
{"time":"2026-02-28T01:48:44.803157569Z","level":"INFO","msg":"Saving session...","file":"/home/joaocunha50/.config/kitty/kitty-session.conf","windows":1}
{"time":"2026-02-28T01:49:36.683288608Z","level":"INFO","msg":"Registered socket","socket":"unix:@mykitty-63900"}
{"time":"2026-02-28T01:49:37.697540141Z","level":"INFO","msg":"Saving session...","file":"/home/joaocunha50/.config/kitty/kitty-session.conf","windows":1}
{"time":"2026-02-28T01:49:48.782754951Z","level":"INFO","msg":"Registered socket","socket":"unix:@mykitty-63900"}
{"time":"2026-02-28T01:49:49.796087036Z","level":"INFO","msg":"Saving session...","file":"/home/joaocunha50/.config/kitty/kitty-session.conf","windows":1}
{"time":"2026-02-28T01:56:26.508145359Z","level":"INFO","msg":"Registered socket","socket":"unix:@mykitty-63900"}
{"time":"2026-02-28T01:56:27.521699023Z","level":"INFO","msg":"Saving session...","file":"/home/joaocunha50/.config/kitty/kitty-session.conf","windows":1}
{"time":"2026-02-28T01:56:29.176869001Z","level":"INFO","msg":"Registered socket","socket":"unix:@mykitty-63900"}
{"time":"2026-02-28T01:56:30.190322937Z","level":"INFO","msg":"Saving session...","file":"/home/joaocunha50/.config/kitty/kitty-session.conf","windows":1}
{"time":"2026-02-28T01:56:33.669101292Z","level":"INFO","msg":"Registered socket","socket":"unix:@mykitty-63900"}
{"time":"2026-02-28T01:56:34.68250786Z","level":"INFO","msg":"Saving session...","file":"/home/joaocunha50/.config/kitty/kitty-session.conf","windows":1}
{"time":"2026-02-28T01:56:40.738373975Z","level":"INFO","msg":"Registered socket","socket":"unix:@mykitty-63900"}
{"time":"2026-02-28T01:56:41.752208805Z","level":"INFO","msg":"Saving session...","file":"/home/joaocunha50/.config/kitty/kitty-session.conf","windows":1}
{"time":"2026-02-28T02:00:21.282093466Z","level":"INFO","msg":"Registered socket","socket":"unix:@mykitty-63900"}
{"time":"2026-02-28T02:00:22.295498179Z","level":"INFO","msg":"Saving session...","file":"/home/joaocunha50/.config/kitty/kitty-session.conf","windows":1}
{"time":"2026-02-28T02:00:26.534469739Z","level":"INFO","msg":"Registered socket","socket":"unix:@mykitty-63900"}
{"time":"2026-02-28T02:00:27.548126615Z","level":"INFO","msg":"Saving session...","file":"/home/joaocunha50/.config/kitty/kitty-session.conf","windows":1}
{"time":"2026-02-28T02:00:33.326147206Z","level":"INFO","msg":"Registered socket","socket":"unix:@mykitty-63900"}
{"time":"2026-02-28T02:00:34.339596272Z","level":"INFO","msg":"Saving session...","file":"/home/joaocunha50/.config/kitty/kitty-session.conf","windows":1}
{"time":"2026-02-28T02:00:38.351156254Z","level":"INFO","msg":"Registered socket","socket":"unix:@mykitty-63900"}
{"time":"2026-02-28T02:00:39.366261721Z","level":"INFO","msg":"Saving session...","file":"/home/joaocunha50/.config/kitty/kitty-session.conf","windows":1}
{"time":"2026-02-28T02:01:47.807109937Z","level":"INFO","msg":"Registered socket","socket":"unix:@mykitty-63900"}
{"time":"2026-02-28T02:01:48.820738032Z","level":"INFO","msg":"Saving session...","file":"/home/joaocunha50/.config/kitty/kitty-session.conf","windows":1}
{"time":"2026-02-28T02:01:49.544998064Z","level":"INFO","msg":"Registered socket","socket":"unix:@mykitty-63900"}
{"time":"2026-02-28T02:01:49.552146996Z","level":"INFO","msg":"Registered socket","socket":"unix:@mykitty-63900"}
{"time":"2026-02-28T02:01:50.565809834Z","level":"INFO","msg":"Saving session...","file":"/home/joaocunha50/.config/kitty/kitty-session.conf","windows":1}
{"time":"2026-02-28T02:01:52.621036304Z","level":"INFO","msg":"Registered socket","socket":"unix:@mykitty-63900"}
{"time":"2026-02-28T02:01:52.625921815Z","level":"INFO","msg":"Registered socket","socket":"unix:@mykitty-63900"}
{"time":"2026-02-28T02:01:53.640466394Z","level":"INFO","msg":"Saving session...","file":"/home/joaocunha50/.config/kitty/kitty-session.conf","windows":1}
{"time":"2026-02-28T02:01:56.639392276Z","level":"INFO","msg":"Registered socket","socket":"unix:@mykitty-63900"}
{"time":"2026-02-28T02:01:56.746232045Z","level":"INFO","msg":"Registered socket","socket":"unix:@mykitty-63900"}
{"time":"2026-02-28T02:01:56.746632472Z","level":"INFO","msg":"Registered socket","socket":"unix:@mykitty-63900"}
{"time":"2026-02-28T02:01:56.751517903Z","level":"INFO","msg":"Registered socket","socket":"unix:@mykitty-63900"}
{"time":"2026-02-28T02:01:57.762394245Z","level":"INFO","msg":"Saving session...","file":"/home/joaocunha50/.config/kitty/kitty-session.conf","windows":1}
{"time":"2026-02-28T02:04:46.498682844Z","level":"INFO","msg":"Registered socket","socket":"unix:@mykitty-63900"}
{"time":"2026-02-28T02:04:46.609663873Z","level":"INFO","msg":"Registered socket","socket":"unix:@mykitty-63900"}
{"time":"2026-02-28T02:04:46.610675586Z","level":"INFO","msg":"Registered socket","socket":"unix:@mykitty-63900"}
{"time":"2026-02-28T02:04:46.613235868Z","level":"INFO","msg":"Registered socket","socket":"unix:@mykitty-63900"}
{"time":"2026-02-28T02:04:47.627694787Z","level":"INFO","msg":"Saving session...","file":"/home/joaocunha50/.config/kitty/kitty-session.conf","windows":1}
{"time":"2026-02-28T02:04:49.959912458Z","level":"INFO","msg":"Registered socket","socket":"unix:@mykitty-63900"}
{"time":"2026-02-28T02:04:49.964851789Z","level":"INFO","msg":"Registered socket","socket":"unix:@mykitty-63900"}
{"time":"2026-02-28T02:04:50.979661457Z","level":"INFO","msg":"Saving session...","file":"/home/joaocunha50/.config/kitty/kitty-session.conf","windows":1}
{"time":"2026-02-28T02:04:51.146794515Z","level":"INFO","msg":"Registered socket","socket":"unix:@mykitty-63900"}
{"time":"2026-02-28T02:04:51.153555371Z","level":"INFO","msg":"Registered socket","socket":"unix:@mykitty-63900"}
{"time":"2026-02-28T02:04:52.167837459Z","level":"INFO","msg":"Saving session...","file":"/home/joaocunha50/.config/kitty/kitty-session.conf","windows":1}
{"time":"2026-02-28T02:05:08.91030919Z","level":"INFO","msg":"Registered socket","socket":"unix:@mykitty-63900"}
{"time":"2026-02-28T02:05:08.918275986Z","level":"INFO","msg":"Registered socket","socket":"unix:@mykitty-63900"}
{"time":"2026-02-28T02:05:09.914344936Z","level":"INFO","msg":"Registered socket","socket":"unix:@mykitty-63900"}
{"time":"2026-02-28T02:05:09.92290822Z","level":"INFO","msg":"Registered socket","socket":"unix:@mykitty-63900"}
{"time":"2026-02-28T02:05:10.936908046Z","level":"INFO","msg":"Saving session...","file":"/home/joaocunha50/.config/kitty/kitty-session.conf","windows":1}
